#! /c/Source/iverilog-install/bin/vvp
:ivl_version "12.0 (devel)" "(s20150603-1539-g2693dd32b)";
:ivl_delay_selection "TYPICAL";
:vpi_time_precision - 12;
:vpi_module "C:\iverilog\lib\ivl\system.vpi";
:vpi_module "C:\iverilog\lib\ivl\vhdl_sys.vpi";
:vpi_module "C:\iverilog\lib\ivl\vhdl_textio.vpi";
:vpi_module "C:\iverilog\lib\ivl\v2005_math.vpi";
:vpi_module "C:\iverilog\lib\ivl\va_math.vpi";
:vpi_module "C:\iverilog\lib\ivl\v2009.vpi";
S_000001f171ed43e0 .scope package, "$unit" "$unit" 2 1;
 .timescale 0 0;
S_000001f171ec82a0 .scope module, "tb_activity_sweep" "tb_activity_sweep" 3 19;
 .timescale -9 -12;
P_000001f171e833d0 .param/l "N" 0 3 22, +C4<00000000000000000000101110111000>;
P_000001f171e83408 .param/l "WIDTH" 0 3 21, +C4<00000000000000000000000000010000>;
v000001f171f2bd80_0 .var "a", 15 0;
v000001f171f2af20_0 .net "acc_baseline", 31 0, v000001f171f27fa0_0;  1 drivers
v000001f171f2c780_0 .net "acc_cg", 31 0, v000001f171f28fe0_0;  1 drivers
v000001f171f2b420_0 .net "acc_pipe", 31 0, v000001f171f298a0_0;  1 drivers
v000001f171f2c6e0_0 .var "b", 15 0;
v000001f171f2b600_0 .var "clk", 0 0;
v000001f171f2c640_0 .var "en", 0 0;
v000001f171f2c500_0 .var/2s "en_prob", 31 0;
v000001f171f2be20_0 .var/2s "i", 31 0;
v000001f171f2ade0_0 .net "pipe_valid_out", 0 0, v000001f171f2aac0_0;  1 drivers
v000001f171f2ab60_0 .var "rst_n", 0 0;
E_000001f171eada80 .event negedge, v000001f171f28a40_0;
S_000001f171ec8430 .scope module, "u_baseline" "mac_unit" 3 35, 4 4 0, S_000001f171ec82a0;
 .timescale 0 0;
    .port_info 0 /INPUT 1 "clk";
    .port_info 1 /INPUT 1 "rst_n";
    .port_info 2 /INPUT 1 "en";
    .port_info 3 /INPUT 16 "a";
    .port_info 4 /INPUT 16 "b";
    .port_info 5 /OUTPUT 32 "acc";
P_000001f171ead880 .param/l "WIDTH" 0 4 5, +C4<00000000000000000000000000010000>;
v000001f171ecf890_0 .net *"_ivl_0", 31 0, L_000001f171f2ac00;  1 drivers
L_000001f171f70088 .functor BUFT 1, C4<0000000000000000>, C4<0>, C4<0>, C4<0>;
v000001f171ecfb10_0 .net *"_ivl_3", 15 0, L_000001f171f70088;  1 drivers
v000001f171ecfe30_0 .net *"_ivl_4", 31 0, L_000001f171f2b240;  1 drivers
L_000001f171f700d0 .functor BUFT 1, C4<0000000000000000>, C4<0>, C4<0>, C4<0>;
v000001f171ecfed0_0 .net *"_ivl_7", 15 0, L_000001f171f700d0;  1 drivers
v000001f171ecefd0_0 .net "a", 15 0, v000001f171f2bd80_0;  1 drivers
v000001f171f27fa0_0 .var "acc", 31 0;
v000001f171f29120_0 .net "b", 15 0, v000001f171f2c6e0_0;  1 drivers
v000001f171f28a40_0 .net "clk", 0 0, v000001f171f2b600_0;  1 drivers
v000001f171f28040_0 .net "en", 0 0, v000001f171f2c640_0;  1 drivers
v000001f171f289a0_0 .net "mult", 31 0, L_000001f171f2afc0;  1 drivers
v000001f171f28cc0_0 .net "rst_n", 0 0, v000001f171f2ab60_0;  1 drivers
v000001f171f28ea0_0 .net "sum", 31 0, L_000001f171f2aa20;  1 drivers
E_000001f171eadbc0/0 .event negedge, v000001f171f28cc0_0;
E_000001f171eadbc0/1 .event posedge, v000001f171f28a40_0;
E_000001f171eadbc0 .event/or E_000001f171eadbc0/0, E_000001f171eadbc0/1;
L_000001f171f2ac00 .concat [ 16 16 0 0], v000001f171f2bd80_0, L_000001f171f70088;
L_000001f171f2b240 .concat [ 16 16 0 0], v000001f171f2c6e0_0, L_000001f171f700d0;
L_000001f171f2afc0 .arith/mult 32, L_000001f171f2ac00, L_000001f171f2b240;
L_000001f171f2aa20 .arith/sum 32, v000001f171f27fa0_0, L_000001f171f2afc0;
S_000001f171e6d8b0 .scope module, "u_cg" "mac_unit_cg" 3 39, 5 5 0, S_000001f171ec82a0;
 .timescale 0 0;
    .port_info 0 /INPUT 1 "clk";
    .port_info 1 /INPUT 1 "rst_n";
    .port_info 2 /INPUT 1 "en";
    .port_info 3 /INPUT 16 "a";
    .port_info 4 /INPUT 16 "b";
    .port_info 5 /OUTPUT 32 "acc";
P_000001f171ead100 .param/l "WIDTH" 0 5 6, +C4<00000000000000000000000000010000>;
v000001f171f28d60_0 .net *"_ivl_2", 31 0, L_000001f171f2b4c0;  1 drivers
L_000001f171f70160 .functor BUFT 1, C4<0000000000000000>, C4<0>, C4<0>, C4<0>;
v000001f171f285e0_0 .net *"_ivl_5", 15 0, L_000001f171f70160;  1 drivers
v000001f171f28540_0 .net *"_ivl_6", 31 0, L_000001f171f2b9c0;  1 drivers
L_000001f171f701a8 .functor BUFT 1, C4<0000000000000000>, C4<0>, C4<0>, C4<0>;
v000001f171f282c0_0 .net *"_ivl_9", 15 0, L_000001f171f701a8;  1 drivers
v000001f171f28360_0 .net "a", 15 0, v000001f171f2bd80_0;  alias, 1 drivers
v000001f171f28fe0_0 .var "acc", 31 0;
v000001f171f284a0_0 .net "b", 15 0, v000001f171f2c6e0_0;  alias, 1 drivers
v000001f171f28680_0 .net "clk", 0 0, v000001f171f2b600_0;  alias, 1 drivers
v000001f171f28720_0 .net "en", 0 0, v000001f171f2c640_0;  alias, 1 drivers
v000001f171f287c0_0 .net "gated_clk", 0 0, L_000001f171eb2a10;  1 drivers
v000001f171f28860_0 .net "mult", 31 0, L_000001f171f2b100;  1 drivers
v000001f171f293a0_0 .net "rst_n", 0 0, v000001f171f2ab60_0;  alias, 1 drivers
v000001f171f296c0_0 .net "sum", 31 0, L_000001f171f2bec0;  1 drivers
E_000001f171eacf00/0 .event negedge, v000001f171f28cc0_0;
E_000001f171eacf00/1 .event posedge, v000001f171f28ae0_0;
E_000001f171eacf00 .event/or E_000001f171eacf00/0, E_000001f171eacf00/1;
L_000001f171f2b4c0 .concat [ 16 16 0 0], v000001f171f2bd80_0, L_000001f171f70160;
L_000001f171f2b9c0 .concat [ 16 16 0 0], v000001f171f2c6e0_0, L_000001f171f701a8;
L_000001f171f2b100 .arith/mult 32, L_000001f171f2b4c0, L_000001f171f2b9c0;
L_000001f171f2bec0 .arith/sum 32, v000001f171f28fe0_0, L_000001f171f2b100;
S_000001f171e6da40 .scope module, "u_cg" "clock_gating_cell" 5 23, 6 5 0, S_000001f171e6d8b0;
 .timescale 0 0;
    .port_info 0 /INPUT 1 "clk";
    .port_info 1 /INPUT 1 "en";
    .port_info 2 /INPUT 1 "test_en";
    .port_info 3 /OUTPUT 1 "gated_clk";
L_000001f171eb2a10 .functor AND 1, v000001f171f2b600_0, v000001f171f28180_0, C4<1>, C4<1>;
v000001f171f280e0_0 .net "clk", 0 0, v000001f171f2b600_0;  alias, 1 drivers
v000001f171f28400_0 .net "en", 0 0, v000001f171f2c640_0;  alias, 1 drivers
v000001f171f28180_0 .var "en_latch", 0 0;
v000001f171f28ae0_0 .net "gated_clk", 0 0, L_000001f171eb2a10;  alias, 1 drivers
L_000001f171f70118 .functor BUFT 1, C4<0>, C4<0>, C4<0>, C4<0>;
v000001f171f28220_0 .net "test_en", 0 0, L_000001f171f70118;  1 drivers
E_000001f171ead180 .event anyedge, v000001f171f28220_0, v000001f171f28040_0, v000001f171f28a40_0;
S_000001f171e6eb10 .scope module, "u_pipe" "mac_unit_pipelined_cg" 3 43, 7 26 0, S_000001f171ec82a0;
 .timescale 0 0;
    .port_info 0 /INPUT 1 "clk";
    .port_info 1 /INPUT 1 "rst_n";
    .port_info 2 /INPUT 1 "en";
    .port_info 3 /INPUT 16 "a";
    .port_info 4 /INPUT 16 "b";
    .port_info 5 /OUTPUT 32 "acc";
    .port_info 6 /OUTPUT 1 "valid_out";
P_000001f171eace00 .param/l "WIDTH" 0 7 27, +C4<00000000000000000000000000010000>;
L_000001f171f701f0 .functor BUFT 1, C4<0000000000000000>, C4<0>, C4<0>, C4<0>;
v000001f171f294e0_0 .net/2u *"_ivl_0", 15 0, L_000001f171f701f0;  1 drivers
L_000001f171f70280 .functor BUFT 1, C4<0000000000000000>, C4<0>, C4<0>, C4<0>;
v000001f171f27d20_0 .net *"_ivl_11", 15 0, L_000001f171f70280;  1 drivers
v000001f171f27aa0_0 .net *"_ivl_12", 31 0, L_000001f171f2aca0;  1 drivers
L_000001f171f702c8 .functor BUFT 1, C4<0000000000000000>, C4<0>, C4<0>, C4<0>;
v000001f171f29300_0 .net *"_ivl_15", 15 0, L_000001f171f702c8;  1 drivers
L_000001f171f70238 .functor BUFT 1, C4<0000000000000000>, C4<0>, C4<0>, C4<0>;
v000001f171f29580_0 .net/2u *"_ivl_4", 15 0, L_000001f171f70238;  1 drivers
v000001f171f29620_0 .net *"_ivl_8", 31 0, L_000001f171f2b740;  1 drivers
v000001f171f29760_0 .net "a", 15 0, v000001f171f2bd80_0;  alias, 1 drivers
v000001f171f29800_0 .net "a_iso", 15 0, L_000001f171f2b2e0;  1 drivers
v000001f171f298a0_0 .var "acc", 31 0;
v000001f171f27a00_0 .net "b", 15 0, v000001f171f2c6e0_0;  alias, 1 drivers
v000001f171f27b40_0 .net "b_iso", 15 0, L_000001f171f2b6a0;  1 drivers
v000001f171f27c80_0 .net "clk", 0 0, v000001f171f2b600_0;  alias, 1 drivers
v000001f171f27dc0_0 .net "en", 0 0, v000001f171f2c640_0;  alias, 1 drivers
v000001f171f27e60_0 .net "gated_clk_s1", 0 0, L_000001f171eb3340;  1 drivers
v000001f171f27f00_0 .net "gated_clk_s2", 0 0, L_000001f171eb3570;  1 drivers
v000001f171f2c280_0 .net "mult", 31 0, L_000001f171f2c0a0;  1 drivers
v000001f171f2c3c0_0 .var "mult_r", 31 0;
v000001f171f2b560_0 .net "rst_n", 0 0, v000001f171f2ab60_0;  alias, 1 drivers
v000001f171f2ae80_0 .net "sum", 31 0, L_000001f171f2ad40;  1 drivers
v000001f171f2aac0_0 .var "valid_out", 0 0;
v000001f171f2b380_0 .var "valid_s1", 0 0;
E_000001f171ead5c0/0 .event negedge, v000001f171f28cc0_0;
E_000001f171ead5c0/1 .event posedge, v000001f171f27be0_0;
E_000001f171ead5c0 .event/or E_000001f171ead5c0/0, E_000001f171ead5c0/1;
E_000001f171ead780/0 .event negedge, v000001f171f28cc0_0;
E_000001f171ead780/1 .event posedge, v000001f171f29080_0;
E_000001f171ead780 .event/or E_000001f171ead780/0, E_000001f171ead780/1;
L_000001f171f2b2e0 .functor MUXZ 16, L_000001f171f701f0, v000001f171f2bd80_0, v000001f171f2c640_0, C4<>;
L_000001f171f2b6a0 .functor MUXZ 16, L_000001f171f70238, v000001f171f2c6e0_0, v000001f171f2c640_0, C4<>;
L_000001f171f2b740 .concat [ 16 16 0 0], L_000001f171f2b2e0, L_000001f171f70280;
L_000001f171f2aca0 .concat [ 16 16 0 0], L_000001f171f2b6a0, L_000001f171f702c8;
L_000001f171f2c0a0 .arith/mult 32, L_000001f171f2b740, L_000001f171f2aca0;
L_000001f171f2ad40 .arith/sum 32, v000001f171f298a0_0, v000001f171f2c3c0_0;
S_000001f171e6eca0 .scope module, "u_cg_s1" "clock_gating_cell" 7 57, 6 5 0, S_000001f171e6eb10;
 .timescale 0 0;
    .port_info 0 /INPUT 1 "clk";
    .port_info 1 /INPUT 1 "en";
    .port_info 2 /INPUT 1 "test_en";
    .port_info 3 /OUTPUT 1 "gated_clk";
L_000001f171eb3340 .functor AND 1, v000001f171f2b600_0, v000001f171f28900_0, C4<1>, C4<1>;
v000001f171f28e00_0 .net "clk", 0 0, v000001f171f2b600_0;  alias, 1 drivers
v000001f171f28c20_0 .net "en", 0 0, v000001f171f2c640_0;  alias, 1 drivers
v000001f171f28900_0 .var "en_latch", 0 0;
v000001f171f29080_0 .net "gated_clk", 0 0, L_000001f171eb3340;  alias, 1 drivers
L_000001f171f70310 .functor BUFT 1, C4<0>, C4<0>, C4<0>, C4<0>;
v000001f171f29440_0 .net "test_en", 0 0, L_000001f171f70310;  1 drivers
E_000001f171ead2c0 .event anyedge, v000001f171f29440_0, v000001f171f28040_0, v000001f171f28a40_0;
S_000001f171e6ee30 .scope module, "u_cg_s2" "clock_gating_cell" 7 89, 6 5 0, S_000001f171e6eb10;
 .timescale 0 0;
    .port_info 0 /INPUT 1 "clk";
    .port_info 1 /INPUT 1 "en";
    .port_info 2 /INPUT 1 "test_en";
    .port_info 3 /OUTPUT 1 "gated_clk";
L_000001f171eb3570 .functor AND 1, v000001f171f2b600_0, v000001f171f29260_0, C4<1>, C4<1>;
v000001f171f291c0_0 .net "clk", 0 0, v000001f171f2b600_0;  alias, 1 drivers
v000001f171f28f40_0 .net "en", 0 0, v000001f171f2b380_0;  1 drivers
v000001f171f29260_0 .var "en_latch", 0 0;
v000001f171f27be0_0 .net "gated_clk", 0 0, L_000001f171eb3570;  alias, 1 drivers
L_000001f171f70358 .functor BUFT 1, C4<0>, C4<0>, C4<0>, C4<0>;
v000001f171f28b80_0 .net "test_en", 0 0, L_000001f171f70358;  1 drivers
E_000001f171ead3c0 .event anyedge, v000001f171f28b80_0, v000001f171f28f40_0, v000001f171f28a40_0;
    .scope S_000001f171ec8430;
T_0 ;
    %wait E_000001f171eadbc0;
    %load/vec4 v000001f171f28cc0_0;
    %nor/r;
    %flag_set/vec4 8;
    %jmp/0xz  T_0.0, 8;
    %pushi/vec4 0, 0, 32;
    %assign/vec4 v000001f171f27fa0_0, 0;
    %jmp T_0.1;
T_0.0 ;
    %load/vec4 v000001f171f28040_0;
    %flag_set/vec4 8;
    %jmp/0xz  T_0.2, 8;
    %load/vec4 v000001f171f28ea0_0;
    %assign/vec4 v000001f171f27fa0_0, 0;
T_0.2 ;
T_0.1 ;
    %jmp T_0;
    .thread T_0;
    .scope S_000001f171e6da40;
T_1 ;
    %wait E_000001f171ead180;
    %load/vec4 v000001f171f280e0_0;
    %nor/r;
    %flag_set/vec4 8;
    %jmp/0xz  T_1.0, 8;
    %load/vec4 v000001f171f28400_0;
    %load/vec4 v000001f171f28220_0;
    %or;
    %store/vec4 v000001f171f28180_0, 0, 1;
T_1.0 ;
    %jmp T_1;
    .thread T_1, $push;
    .scope S_000001f171e6d8b0;
T_2 ;
    %wait E_000001f171eacf00;
    %load/vec4 v000001f171f293a0_0;
    %nor/r;
    %flag_set/vec4 8;
    %jmp/0xz  T_2.0, 8;
    %pushi/vec4 0, 0, 32;
    %assign/vec4 v000001f171f28fe0_0, 0;
    %jmp T_2.1;
T_2.0 ;
    %load/vec4 v000001f171f28720_0;
    %flag_set/vec4 8;
    %jmp/0xz  T_2.2, 8;
    %load/vec4 v000001f171f296c0_0;
    %assign/vec4 v000001f171f28fe0_0, 0;
T_2.2 ;
T_2.1 ;
    %jmp T_2;
    .thread T_2;
    .scope S_000001f171e6eca0;
T_3 ;
    %wait E_000001f171ead2c0;
    %load/vec4 v000001f171f28e00_0;
    %nor/r;
    %flag_set/vec4 8;
    %jmp/0xz  T_3.0, 8;
    %load/vec4 v000001f171f28c20_0;
    %load/vec4 v000001f171f29440_0;
    %or;
    %store/vec4 v000001f171f28900_0, 0, 1;
T_3.0 ;
    %jmp T_3;
    .thread T_3, $push;
    .scope S_000001f171e6ee30;
T_4 ;
    %wait E_000001f171ead3c0;
    %load/vec4 v000001f171f291c0_0;
    %nor/r;
    %flag_set/vec4 8;
    %jmp/0xz  T_4.0, 8;
    %load/vec4 v000001f171f28f40_0;
    %load/vec4 v000001f171f28b80_0;
    %or;
    %store/vec4 v000001f171f29260_0, 0, 1;
T_4.0 ;
    %jmp T_4;
    .thread T_4, $push;
    .scope S_000001f171e6eb10;
T_5 ;
    %wait E_000001f171ead780;
    %load/vec4 v000001f171f2b560_0;
    %nor/r;
    %flag_set/vec4 8;
    %jmp/0xz  T_5.0, 8;
    %pushi/vec4 0, 0, 32;
    %assign/vec4 v000001f171f2c3c0_0, 0;
    %jmp T_5.1;
T_5.0 ;
    %load/vec4 v000001f171f2c280_0;
    %assign/vec4 v000001f171f2c3c0_0, 0;
T_5.1 ;
    %jmp T_5;
    .thread T_5;
    .scope S_000001f171e6eb10;
T_6 ;
    %wait E_000001f171eadbc0;
    %load/vec4 v000001f171f2b560_0;
    %nor/r;
    %flag_set/vec4 8;
    %jmp/0xz  T_6.0, 8;
    %pushi/vec4 0, 0, 1;
    %assign/vec4 v000001f171f2b380_0, 0;
    %jmp T_6.1;
T_6.0 ;
    %load/vec4 v000001f171f27dc0_0;
    %assign/vec4 v000001f171f2b380_0, 0;
T_6.1 ;
    %jmp T_6;
    .thread T_6;
    .scope S_000001f171e6eb10;
T_7 ;
    %wait E_000001f171ead5c0;
    %load/vec4 v000001f171f2b560_0;
    %nor/r;
    %flag_set/vec4 8;
    %jmp/0xz  T_7.0, 8;
    %pushi/vec4 0, 0, 32;
    %assign/vec4 v000001f171f298a0_0, 0;
    %jmp T_7.1;
T_7.0 ;
    %load/vec4 v000001f171f2b380_0;
    %flag_set/vec4 8;
    %jmp/0xz  T_7.2, 8;
    %load/vec4 v000001f171f2ae80_0;
    %assign/vec4 v000001f171f298a0_0, 0;
T_7.2 ;
T_7.1 ;
    %jmp T_7;
    .thread T_7;
    .scope S_000001f171e6eb10;
T_8 ;
    %wait E_000001f171eadbc0;
    %load/vec4 v000001f171f2b560_0;
    %nor/r;
    %flag_set/vec4 8;
    %jmp/0xz  T_8.0, 8;
    %pushi/vec4 0, 0, 1;
    %assign/vec4 v000001f171f2aac0_0, 0;
    %jmp T_8.1;
T_8.0 ;
    %load/vec4 v000001f171f2b380_0;
    %assign/vec4 v000001f171f2aac0_0, 0;
T_8.1 ;
    %jmp T_8;
    .thread T_8;
    .scope S_000001f171ec82a0;
T_9 ;
    %vpi_func 3 26 "$value$plusargs" 32, "EN_PROB=%d", v000001f171f2c500_0 {0 0 0};
    %nor/r;
    %flag_set/vec4 8;
    %jmp/0xz  T_9.0, 8;
    %pushi/vec4 50, 0, 32;
    %store/vec4 v000001f171f2c500_0, 0, 32;
T_9.0 ;
    %end;
    .thread T_9;
    .scope S_000001f171ec82a0;
T_10 ;
    %pushi/vec4 0, 0, 1;
    %store/vec4 v000001f171f2b600_0, 0, 1;
T_10.0 ;
    %delay 5000, 0;
    %load/vec4 v000001f171f2b600_0;
    %inv;
    %store/vec4 v000001f171f2b600_0, 0, 1;
    %jmp T_10.0;
    %end;
    .thread T_10;
    .scope S_000001f171ec82a0;
T_11 ;
    %pushi/vec4 0, 0, 1;
    %store/vec4 v000001f171f2ab60_0, 0, 1;
    %pushi/vec4 0, 0, 1;
    %store/vec4 v000001f171f2c640_0, 0, 1;
    %pushi/vec4 0, 0, 16;
    %store/vec4 v000001f171f2bd80_0, 0, 16;
    %pushi/vec4 0, 0, 16;
    %store/vec4 v000001f171f2c6e0_0, 0, 16;
    %delay 20000, 0;
    %pushi/vec4 1, 0, 1;
    %store/vec4 v000001f171f2ab60_0, 0, 1;
    %pushi/vec4 0, 0, 32;
    %store/vec4 v000001f171f2be20_0, 0, 32;
T_11.0 ;
    %load/vec4 v000001f171f2be20_0;
    %cmpi/s 3000, 0, 32;
    %jmp/0xz T_11.1, 5;
    %wait E_000001f171eada80;
    %vpi_func 3 57 "$urandom_range" 32, 32'sb00000000000000000000000000000000, 32'sb00000000000000000000000001100011 {0 0 0};
    %load/vec4 v000001f171f2c500_0;
    %cmp/u;
    %flag_get/vec4 5;
    %store/vec4 v000001f171f2c640_0, 0, 1;
    %vpi_func 3 58 "$urandom" 32 {0 0 0};
    %pad/u 16;
    %store/vec4 v000001f171f2bd80_0, 0, 16;
    %vpi_func 3 59 "$urandom" 32 {0 0 0};
    %pad/u 16;
    %store/vec4 v000001f171f2c6e0_0, 0, 16;
    %load/vec4 v000001f171f2be20_0;
    %addi 1, 0, 32;
    %cast2;
    %store/vec4 v000001f171f2be20_0, 0, 32;
    %jmp T_11.0;
T_11.1 ;
    %delay 50000, 0;
    %vpi_call/w 3 63 "$finish" {0 0 0};
    %end;
    .thread T_11;
    .scope S_000001f171ec82a0;
T_12 ;
    %vpi_call/w 3 71 "$dumpfile", "activity_sweep.vcd" {0 0 0};
    %vpi_call/w 3 72 "$dumpvars", 32'sb00000000000000000000000000000000, S_000001f171ec82a0 {0 0 0};
    %end;
    .thread T_12;
# The file index is used to find the file name in the following table.
:file_names 8;
    "N/A";
    "<interactive>";
    "-";
    "D:\New_folder\mac_clock_gating_project\mac_clock_gating_project\src\tb_activity_sweep.sv";
    "D:\New_folder\mac_clock_gating_project\mac_clock_gating_project\src\mac_unit.v";
    "D:\New_folder\mac_clock_gating_project\mac_clock_gating_project\src\mac_unit_cg.v";
    "D:\New_folder\mac_clock_gating_project\mac_clock_gating_project\src\clock_gating_cell.v";
    "D:\New_folder\mac_clock_gating_project\mac_clock_gating_project\src\mac_unit_pipelined_cg.v";
